src/mockData/index.ts(37,54): error TS2322: Type '"freelance"' is not assignable to type 'TransactionType'.
src/mockData/index.ts(53,54): error TS2322: Type '"freelance"' is not assignable to type 'TransactionType'.
src/mockData/index.ts(56,54): error TS2322: Type '"inversiones"' is not assignable to type 'TransactionType'.
src/mockData/index.ts(62,54): error TS2322: Type '"freelance"' is not assignable to type 'TransactionType'.
src/screens/Metas/index.tsx(99,15): error TS2322: Type '{ children: Element[]; key: string; className: string; clickable: true; onClick: () => void; }' is not assignable to type 'IntrinsicAttributes & { children: ReactNode; className?: string | undefined; padding?: boolean | undefined; clickable?: boolean | undefined; }'.
  Property 'onClick' does not exist on type 'IntrinsicAttributes & { children: ReactNode; className?: string | undefined; padding?: boolean | undefined; clickable?: boolean | undefined; }'.
